14:52:22 **** Incremental Build of configuration Debug for project fsbl ****
make pre-build main-build 
a9-linaro-pre-build-step
' '
'Building file: ../src/fsbl_hooks.c'
'Invoking: ARM v7 gcc compiler'
arm-none-eabi-gcc -DFSBL_DEBUG_INFO -Wall -O0 -g3 -I"F:\FPGA\5_AXI_GPIO\AXI_GPIO\AXI_GPIO.sdk\AXI_GPIO_wrapper_hw_platform_0" -I../../fsbl_bsp/ps7_cortexa9_0/include -I"F:\FPGA\5_AXI_GPIO\AXI_GPIO\AXI_GPIO.sdk\fsbl\src" -I"F:\FPGA\5_AXI_GPIO\AXI_GPIO\AXI_GPIO.sdk\fsbl\src\user_files" -c -fmessage-length=0 -MT"src/fsbl_hooks.o" -mcpu=cortex-a9 -mfpu=vfpv3 -mfloat-abi=hard -MMD -MP -MF"src/fsbl_hooks.d" -MT"src/fsbl_hooks.o" -o "src/fsbl_hooks.o" "../src/fsbl_hooks.c"
'Finished building: ../src/fsbl_hooks.c'
' '
'Building file: ../src/image_mover.c'
'Invoking: ARM v7 gcc compiler'
arm-none-eabi-gcc -DFSBL_DEBUG_INFO -Wall -O0 -g3 -I"F:\FPGA\5_AXI_GPIO\AXI_GPIO\AXI_GPIO.sdk\AXI_GPIO_wrapper_hw_platform_0" -I../../fsbl_bsp/ps7_cortexa9_0/include -I"F:\FPGA\5_AXI_GPIO\AXI_GPIO\AXI_GPIO.sdk\fsbl\src" -I"F:\FPGA\5_AXI_GPIO\AXI_GPIO\AXI_GPIO.sdk\fsbl\src\user_files" -c -fmessage-length=0 -MT"src/image_mover.o" -mcpu=cortex-a9 -mfpu=vfpv3 -mfloat-abi=hard -MMD -MP -MF"src/image_mover.d" -MT"src/image_mover.o" -o "src/image_mover.o" "../src/image_mover.c"
'Finished building: ../src/image_mover.c'
' '
'Building file: ../src/main.c'
'Invoking: ARM v7 gcc compiler'
arm-none-eabi-gcc -DFSBL_DEBUG_INFO -Wall -O0 -g3 -I"F:\FPGA\5_AXI_GPIO\AXI_GPIO\AXI_GPIO.sdk\AXI_GPIO_wrapper_hw_platform_0" -I../../fsbl_bsp/ps7_cortexa9_0/include -I"F:\FPGA\5_AXI_GPIO\AXI_GPIO\AXI_GPIO.sdk\fsbl\src" -I"F:\FPGA\5_AXI_GPIO\AXI_GPIO\AXI_GPIO.sdk\fsbl\src\user_files" -c -fmessage-length=0 -MT"src/main.o" -mcpu=cortex-a9 -mfpu=vfpv3 -mfloat-abi=hard -MMD -MP -MF"src/main.d" -MT"src/main.o" -o "src/main.o" "../src/main.c"
In file included from ../src/main.c:137:0:
../../fsbl_bsp/ps7_cortexa9_0/include/xtime_l.h:87:9: note: #pragma message: For the sleep routines, Global timer is being used
 #pragma message ("For the sleep routines, Global timer is being used")
         ^~~~~~~
../src/main.c: In function 'main':
../src/main.c:494:6: warning: implicit declaration of function 'main_user' [-Wimplicit-function-declaration]
      main_user();
      ^~~~~~~~~
'Finished building: ../src/main.c'
' '
'Building file: ../src/nand.c'
'Invoking: ARM v7 gcc compiler'
arm-none-eabi-gcc -DFSBL_DEBUG_INFO -Wall -O0 -g3 -I"F:\FPGA\5_AXI_GPIO\AXI_GPIO\AXI_GPIO.sdk\AXI_GPIO_wrapper_hw_platform_0" -I../../fsbl_bsp/ps7_cortexa9_0/include -I"F:\FPGA\5_AXI_GPIO\AXI_GPIO\AXI_GPIO.sdk\fsbl\src" -I"F:\FPGA\5_AXI_GPIO\AXI_GPIO\AXI_GPIO.sdk\fsbl\src\user_files" -c -fmessage-length=0 -MT"src/nand.o" -mcpu=cortex-a9 -mfpu=vfpv3 -mfloat-abi=hard -MMD -MP -MF"src/nand.d" -MT"src/nand.o" -o "src/nand.o" "../src/nand.c"
'Finished building: ../src/nand.c'
' '
'Building file: ../src/nor.c'
'Invoking: ARM v7 gcc compiler'
arm-none-eabi-gcc -DFSBL_DEBUG_INFO -Wall -O0 -g3 -I"F:\FPGA\5_AXI_GPIO\AXI_GPIO\AXI_GPIO.sdk\AXI_GPIO_wrapper_hw_platform_0" -I../../fsbl_bsp/ps7_cortexa9_0/include -I"F:\FPGA\5_AXI_GPIO\AXI_GPIO\AXI_GPIO.sdk\fsbl\src" -I"F:\FPGA\5_AXI_GPIO\AXI_GPIO\AXI_GPIO.sdk\fsbl\src\user_files" -c -fmessage-length=0 -MT"src/nor.o" -mcpu=cortex-a9 -mfpu=vfpv3 -mfloat-abi=hard -MMD -MP -MF"src/nor.d" -MT"src/nor.o" -o "src/nor.o" "../src/nor.c"
'Finished building: ../src/nor.c'
' '
'Building file: ../src/pcap.c'
'Invoking: ARM v7 gcc compiler'
arm-none-eabi-gcc -DFSBL_DEBUG_INFO -Wall -O0 -g3 -I"F:\FPGA\5_AXI_GPIO\AXI_GPIO\AXI_GPIO.sdk\AXI_GPIO_wrapper_hw_platform_0" -I../../fsbl_bsp/ps7_cortexa9_0/include -I"F:\FPGA\5_AXI_GPIO\AXI_GPIO\AXI_GPIO.sdk\fsbl\src" -I"F:\FPGA\5_AXI_GPIO\AXI_GPIO\AXI_GPIO.sdk\fsbl\src\user_files" -c -fmessage-length=0 -MT"src/pcap.o" -mcpu=cortex-a9 -mfpu=vfpv3 -mfloat-abi=hard -MMD -MP -MF"src/pcap.d" -MT"src/pcap.o" -o "src/pcap.o" "../src/pcap.c"
In file included from ../src/pcap.c:100:0:
../../fsbl_bsp/ps7_cortexa9_0/include/xtime_l.h:87:9: note: #pragma message: For the sleep routines, Global timer is being used
 #pragma message ("For the sleep routines, Global timer is being used")
         ^~~~~~~
'Finished building: ../src/pcap.c'
' '
'Building file: F:/FPGA/5_AXI_GPIO/AXI_GPIO/AXI_GPIO.sdk/AXI_GPIO_wrapper_hw_platform_0/ps7_init.c'
'Invoking: ARM v7 gcc compiler'
arm-none-eabi-gcc -DFSBL_DEBUG_INFO -Wall -O0 -g3 -I"F:\FPGA\5_AXI_GPIO\AXI_GPIO\AXI_GPIO.sdk\AXI_GPIO_wrapper_hw_platform_0" -I../../fsbl_bsp/ps7_cortexa9_0/include -I"F:\FPGA\5_AXI_GPIO\AXI_GPIO\AXI_GPIO.sdk\fsbl\src" -I"F:\FPGA\5_AXI_GPIO\AXI_GPIO\AXI_GPIO.sdk\fsbl\src\user_files" -c -fmessage-length=0 -MT"src/ps7_init.o" -mcpu=cortex-a9 -mfpu=vfpv3 -mfloat-abi=hard -MMD -MP -MF"src/ps7_init.d" -MT"src/ps7_init.o" -o "src/ps7_init.o" "F:/FPGA/5_AXI_GPIO/AXI_GPIO/AXI_GPIO.sdk/AXI_GPIO_wrapper_hw_platform_0/ps7_init.c"
'Finished building: F:/FPGA/5_AXI_GPIO/AXI_GPIO/AXI_GPIO.sdk/AXI_GPIO_wrapper_hw_platform_0/ps7_init.c'
' '
'Building file: ../src/qspi.c'
'Invoking: ARM v7 gcc compiler'
arm-none-eabi-gcc -DFSBL_DEBUG_INFO -Wall -O0 -g3 -I"F:\FPGA\5_AXI_GPIO\AXI_GPIO\AXI_GPIO.sdk\AXI_GPIO_wrapper_hw_platform_0" -I../../fsbl_bsp/ps7_cortexa9_0/include -I"F:\FPGA\5_AXI_GPIO\AXI_GPIO\AXI_GPIO.sdk\fsbl\src" -I"F:\FPGA\5_AXI_GPIO\AXI_GPIO\AXI_GPIO.sdk\fsbl\src\user_files" -c -fmessage-length=0 -MT"src/qspi.o" -mcpu=cortex-a9 -mfpu=vfpv3 -mfloat-abi=hard -MMD -MP -MF"src/qspi.d" -MT"src/qspi.o" -o "src/qspi.o" "../src/qspi.c"
'Finished building: ../src/qspi.c'
' '
'Building file: ../src/sd.c'
'Invoking: ARM v7 gcc compiler'
arm-none-eabi-gcc -DFSBL_DEBUG_INFO -Wall -O0 -g3 -I"F:\FPGA\5_AXI_GPIO\AXI_GPIO\AXI_GPIO.sdk\AXI_GPIO_wrapper_hw_platform_0" -I../../fsbl_bsp/ps7_cortexa9_0/include -I"F:\FPGA\5_AXI_GPIO\AXI_GPIO\AXI_GPIO.sdk\fsbl\src" -I"F:\FPGA\5_AXI_GPIO\AXI_GPIO\AXI_GPIO.sdk\fsbl\src\user_files" -c -fmessage-length=0 -MT"src/sd.o" -mcpu=cortex-a9 -mfpu=vfpv3 -mfloat-abi=hard -MMD -MP -MF"src/sd.d" -MT"src/sd.o" -o "src/sd.o" "../src/sd.c"
'Finished building: ../src/sd.c'
' '
'Building target: fsbl.elf'
'Invoking: ARM v7 gcc linker'
arm-none-eabi-gcc -mcpu=cortex-a9 -mfpu=vfpv3 -mfloat-abi=hard -Wl,-build-id=none -specs=Xilinx.spec -Wl,-T -Wl,../src/lscript.ld -L../../fsbl_bsp/ps7_cortexa9_0/lib -o "fsbl.elf"  ./src/user_files/axi_gpio.o ./src/user_files/axi_uart.o ./src/user_files/flash_wr.o ./src/user_files/led.o ./src/user_files/main_user.o  ./src/fsbl_handoff.o ./src/fsbl_hooks.o ./src/image_mover.o ./src/main.o ./src/md5.o ./src/nand.o ./src/nor.o ./src/pcap.o ./src/ps7_init.o ./src/qspi.o ./src/rsa.o ./src/sd.o   -Wl,--start-group,-lxil,-lgcc,-lc,--end-group -Wl,--start-group,-lxilffs,-lxil,-lgcc,-lc,--end-group -Wl,--start-group,-lrsa,-lxil,-lgcc,-lc,--end-group
'Finished building target: fsbl.elf'
' '
'Invoking: ARM v7 Print Size'
arm-none-eabi-size fsbl.elf  |tee "fsbl.elf.size"
   text	   data	    bss	    dec	    hex	filename
  89252	  12872	  72216	 174340	  2a904	fsbl.elf
'Finished building: fsbl.elf.size'
' '

14:52:32 Build Finished (took 9s.938ms)

